  BankOOP.cpp
C:\Users\Muhammed\source\repos\BankOOP\BankOOP\Client.h(6,9): warning C4067: unexpected tokens following preprocessor directive - expected a newline
  (compiling source file 'BankOOP.cpp')
  
C:\Users\Muhammed\source\repos\BankOOP\BankOOP\ClientFileHandler.h(6,10): warning C4067: unexpected tokens following preprocessor directive - expected a newline
  (compiling source file 'BankOOP.cpp')
  
C:\Users\Muhammed\source\repos\BankOOP\BankOOP\Parser.h(7,26): error C2504: 'Client': base class undefined
  (compiling source file 'BankOOP.cpp')
  
C:\Users\Muhammed\source\repos\BankOOP\BankOOP\Parser.h(36,34): error C4430: missing type specifier - int assumed. Note: C++ does not support default-int
  (compiling source file 'BankOOP.cpp')
  
C:\Users\Muhammed\source\repos\BankOOP\BankOOP\Parser.h(36,46): error C2143: syntax error: missing ',' before '&'
  (compiling source file 'BankOOP.cpp')
  
C:\Users\Muhammed\source\repos\BankOOP\BankOOP\Parser.h(39,16): error C3646: 'LineToObject': unknown override specifier
  (compiling source file 'BankOOP.cpp')
  
C:\Users\Muhammed\source\repos\BankOOP\BankOOP\Parser.h(39,29): error C2059: syntax error: 'const'
  (compiling source file 'BankOOP.cpp')
  
C:\Users\Muhammed\source\repos\BankOOP\BankOOP\Parser.h(39,54): error C2334: unexpected token(s) preceding '{'; skipping apparent function body
  (compiling source file 'BankOOP.cpp')
  
C:\Users\Muhammed\source\repos\BankOOP\BankOOP\Parser.h(37,10): error C2065: 'client': undeclared identifier
  (compiling source file 'BankOOP.cpp')
  
C:\Users\Muhammed\source\repos\BankOOP\BankOOP\Parser.h(37,34): error C2065: 'delimiter': undeclared identifier
  (compiling source file 'BankOOP.cpp')
  
C:\Users\Muhammed\source\repos\BankOOP\BankOOP\Parser.h(37,46): error C2065: 'client': undeclared identifier
  (compiling source file 'BankOOP.cpp')
  
C:\Users\Muhammed\source\repos\BankOOP\BankOOP\Parser.h(37,69): error C2065: 'delimiter': undeclared identifier
  (compiling source file 'BankOOP.cpp')
  
C:\Users\Muhammed\source\repos\BankOOP\BankOOP\Parser.h(37,81): error C2065: 'client': undeclared identifier
  (compiling source file 'BankOOP.cpp')
  
C:\Users\Muhammed\source\repos\BankOOP\BankOOP\Parser.h(37,101): error C2065: 'delimiter': undeclared identifier
  (compiling source file 'BankOOP.cpp')
  
C:\Users\Muhammed\source\repos\BankOOP\BankOOP\Parser.h(37,113): error C2065: 'client': undeclared identifier
  (compiling source file 'BankOOP.cpp')
  
C:\Users\Muhammed\source\repos\BankOOP\BankOOP\Parser.h(37,139): error C2065: 'delimiter': undeclared identifier
  (compiling source file 'BankOOP.cpp')
  
C:\Users\Muhammed\source\repos\BankOOP\BankOOP\Parser.h(37,151): error C2065: 'client': undeclared identifier
  (compiling source file 'BankOOP.cpp')
  
C:\Users\Muhammed\source\repos\BankOOP\BankOOP\Parser.h(37,179): error C2065: 'delimiter': undeclared identifier
  (compiling source file 'BankOOP.cpp')
  
C:\Users\Muhammed\source\repos\BankOOP\BankOOP\Parser.h(37,191): error C2065: 'client': undeclared identifier
  (compiling source file 'BankOOP.cpp')
  
C:\Users\Muhammed\source\repos\BankOOP\BankOOP\Parser.h(37,213): error C2065: 'delimiter': undeclared identifier
  (compiling source file 'BankOOP.cpp')
  
C:\Users\Muhammed\source\repos\BankOOP\BankOOP\Parser.h(37,240): error C2065: 'client': undeclared identifier
  (compiling source file 'BankOOP.cpp')
  
C:\Users\Muhammed\source\repos\BankOOP\BankOOP\ClientFileHandler.h(8,37): error C2504: 'Client': base class undefined
  (compiling source file 'BankOOP.cpp')
  
C:\Users\Muhammed\source\repos\BankOOP\BankOOP\ClientFileHandler.h(11,30): error C4430: missing type specifier - int assumed. Note: C++ does not support default-int
  (compiling source file 'BankOOP.cpp')
  
C:\Users\Muhammed\source\repos\BankOOP\BankOOP\ClientFileHandler.h(11,42): error C2143: syntax error: missing ',' before '&'
  (compiling source file 'BankOOP.cpp')
  
C:\Users\Muhammed\source\repos\BankOOP\BankOOP\ClientFileHandler.h(17,21): error C2065: 'Client': undeclared identifier
  (compiling source file 'BankOOP.cpp')
  
C:\Users\Muhammed\source\repos\BankOOP\BankOOP\ClientFileHandler.h(17,14): error C2923: 'std::vector': 'Client' is not a valid template type argument for parameter '_Ty'
  (compiling source file 'BankOOP.cpp')
      C:\Users\Muhammed\source\repos\BankOOP\BankOOP\ClientFileHandler.h(17,21):
      see declaration of 'Client'
  
C:\Users\Muhammed\source\repos\BankOOP\BankOOP\ClientFileHandler.h(17,14): error C2976: 'std::vector': too few template arguments
  (compiling source file 'BankOOP.cpp')
      C:\Program Files\Microsoft Visual Studio\18\Community\VC\Tools\MSVC\14.51.36231\include\vector(459,7):
      see declaration of 'std::vector'
  
C:\Users\Muhammed\source\repos\BankOOP\BankOOP\ClientFileHandler.h(17,29): error C2955: 'std::vector': use of class template requires template argument list
  (compiling source file 'BankOOP.cpp')
      C:\Program Files\Microsoft Visual Studio\18\Community\VC\Tools\MSVC\14.51.36231\include\vector(459,7):
      see declaration of 'std::vector'
  
C:\Users\Muhammed\source\repos\BankOOP\BankOOP\ClientFileHandler.h(36,23): error C4430: missing type specifier - int assumed. Note: C++ does not support default-int
  (compiling source file 'BankOOP.cpp')
  
C:\Users\Muhammed\source\repos\BankOOP\BankOOP\ClientFileHandler.h(36,35): error C2143: syntax error: missing ',' before '&'
  (compiling source file 'BankOOP.cpp')
  
C:\Users\Muhammed\source\repos\BankOOP\BankOOP\ClientFileHandler.h(48,41): error C2065: 'Client': undeclared identifier
  (compiling source file 'BankOOP.cpp')
  
C:\Users\Muhammed\source\repos\BankOOP\BankOOP\ClientFileHandler.h(48,34): error C2923: 'std::vector': 'Client' is not a valid template type argument for parameter '_Ty'
  (compiling source file 'BankOOP.cpp')
      C:\Users\Muhammed\source\repos\BankOOP\BankOOP\ClientFileHandler.h(48,41):
      see declaration of 'Client'
  
C:\Users\Muhammed\source\repos\BankOOP\BankOOP\ClientFileHandler.h(48,34): error C2976: 'std::vector': too few template arguments
  (compiling source file 'BankOOP.cpp')
      C:\Program Files\Microsoft Visual Studio\18\Community\VC\Tools\MSVC\14.51.36231\include\vector(459,7):
      see declaration of 'std::vector'
  
C:\Users\Muhammed\source\repos\BankOOP\BankOOP\ClientFileHandler.h(48,50): error C2955: 'std::vector': use of class template requires template argument list
  (compiling source file 'BankOOP.cpp')
      C:\Program Files\Microsoft Visual Studio\18\Community\VC\Tools\MSVC\14.51.36231\include\vector(459,7):
      see declaration of 'std::vector'
  
C:\Users\Muhammed\source\repos\BankOOP\BankOOP\ClientFileHandler.h(67,42): error C2065: 'Client': undeclared identifier
  (compiling source file 'BankOOP.cpp')
  
C:\Users\Muhammed\source\repos\BankOOP\BankOOP\ClientFileHandler.h(67,35): error C2923: 'std::vector': 'Client' is not a valid template type argument for parameter '_Ty'
  (compiling source file 'BankOOP.cpp')
      C:\Users\Muhammed\source\repos\BankOOP\BankOOP\ClientFileHandler.h(67,42):
      see declaration of 'Client'
  
C:\Users\Muhammed\source\repos\BankOOP\BankOOP\ClientFileHandler.h(67,35): error C2976: 'std::vector': too few template arguments
  (compiling source file 'BankOOP.cpp')
      C:\Program Files\Microsoft Visual Studio\18\Community\VC\Tools\MSVC\14.51.36231\include\vector(459,7):
      see declaration of 'std::vector'
  
C:\Users\Muhammed\source\repos\BankOOP\BankOOP\ClientFileHandler.h(67,51): error C2955: 'std::vector': use of class template requires template argument list
  (compiling source file 'BankOOP.cpp')
      C:\Program Files\Microsoft Visual Studio\18\Community\VC\Tools\MSVC\14.51.36231\include\vector(459,7):
      see declaration of 'std::vector'
  
C:\Users\Muhammed\source\repos\BankOOP\BankOOP\ClientFileHandler.h(13,11): error C2065: 'client': undeclared identifier
  (compiling source file 'BankOOP.cpp')
  
C:\Users\Muhammed\source\repos\BankOOP\BankOOP\ClientFileHandler.h(13,32): error C2653: 'Client': is not a class or namespace name
  (compiling source file 'BankOOP.cpp')
  
C:\Users\Muhammed\source\repos\BankOOP\BankOOP\ClientFileHandler.h(13,46): error C2065: 'EmptyMode': undeclared identifier
  (compiling source file 'BankOOP.cpp')
  
C:\Users\Muhammed\source\repos\BankOOP\BankOOP\ClientFileHandler.h(13,59): error C2065: 'client': undeclared identifier
  (compiling source file 'BankOOP.cpp')
  
C:\Users\Muhammed\source\repos\BankOOP\BankOOP\ClientFileHandler.h(13,79): error C2653: 'Client': is not a class or namespace name
  (compiling source file 'BankOOP.cpp')
  
C:\Users\Muhammed\source\repos\BankOOP\BankOOP\ClientFileHandler.h(13,93): error C2065: 'DeleteMode': undeclared identifier
  (compiling source file 'BankOOP.cpp')
  
C:\Users\Muhammed\source\repos\BankOOP\BankOOP\ClientFileHandler.h(19,15): error C2065: 'Client': undeclared identifier
  (compiling source file 'BankOOP.cpp')
  
C:\Users\Muhammed\source\repos\BankOOP\BankOOP\ClientFileHandler.h(19,8): error C2923: 'std::vector': 'Client' is not a valid template type argument for parameter '_Ty'
  (compiling source file 'BankOOP.cpp')
      C:\Users\Muhammed\source\repos\BankOOP\BankOOP\ClientFileHandler.h(19,15):
      see declaration of 'Client'
  
C:\Users\Muhammed\source\repos\BankOOP\BankOOP\ClientFileHandler.h(19,8): error C2976: 'std::vector': too few template arguments
  (compiling source file 'BankOOP.cpp')
      C:\Program Files\Microsoft Visual Studio\18\Community\VC\Tools\MSVC\14.51.36231\include\vector(459,7):
      see declaration of 'std::vector'
  
C:\Users\Muhammed\source\repos\BankOOP\BankOOP\ClientFileHandler.h(19,23): error C2641: cannot deduce template arguments for 'std::vector'
  (compiling source file 'BankOOP.cpp')
      C:\Users\Muhammed\source\repos\BankOOP\BankOOP\ClientFileHandler.h(19,23):
      'std::vector': no matching overloaded function found
          C:\Program Files\Microsoft Visual Studio\18\Community\VC\Tools\MSVC\14.51.36231\include\vector(2258,1):
          could be 'std::vector<conditional_t<std::_Is_from_primary<std::iterator_traits<remove_cv<remove_reference<_Ty>::type>::type>>,std::indirectly_readable_traits<remove_cv<remove_reference<_Ty>::type>::type>,std::iterator_traits<remove_cv<remove_reference<_Ty>::type>::type>>::value_type,_Alloc> std::vector(_Iter,_Iter,_Alloc)'
              C:\Users\Muhammed\source\repos\BankOOP\BankOOP\ClientFileHandler.h(19,23):
              'std::vector<conditional_t<std::_Is_from_primary<std::iterator_traits<remove_cv<remove_reference<_Ty>::type>::type>>,std::indirectly_readable_traits<remove_cv<remove_reference<_Ty>::type>::type>,std::iterator_traits<remove_cv<remove_reference<_Ty>::type>::type>>::value_type,_Alloc> std::vector(_Iter,_Iter,_Alloc)': expects 3 arguments - 0 provided
          C:\Program Files\Microsoft Visual Studio\18\Community\VC\Tools\MSVC\14.51.36231\include\vector(770,5):
          or       'std::vector<_Ty,_Alloc> std::vector(std::vector<_Ty,_Alloc> &&,const _Identity<_Alloc>::type &)'
              C:\Users\Muhammed\source\repos\BankOOP\BankOOP\ClientFileHandler.h(19,23):
              'std::vector<_Ty,_Alloc> std::vector(std::vector<_Ty,_Alloc> &&,const _Identity<_Alloc>::type &)': expects 2 arguments - 0 provided
          C:\Program Files\Microsoft Visual Studio\18\Community\VC\Tools\MSVC\14.51.36231\include\vector(761,5):
          or       'std::vector<_Ty,_Alloc> std::vector(std::vector<_Ty,_Alloc> &&)'
              C:\Users\Muhammed\source\repos\BankOOP\BankOOP\ClientFileHandler.h(19,23):
              'std::vector<_Ty,_Alloc> std::vector(std::vector<_Ty,_Alloc> &&)': expects 1 arguments - 0 provided
          C:\Program Files\Microsoft Visual Studio\18\Community\VC\Tools\MSVC\14.51.36231\include\vector(754,5):
          or       'std::vector<_Ty,_Alloc> std::vector(const std::vector<_Ty,_Alloc> &,const _Identity<_Alloc>::type &)'
              C:\Users\Muhammed\source\repos\BankOOP\BankOOP\ClientFileHandler.h(19,23):
              'std::vector<_Ty,_Alloc> std::vector(const std::vector<_Ty,_Alloc> &,const _Identity<_Alloc>::type &)': expects 2 arguments - 0 provided
          C:\Program Files\Microsoft Visual Studio\18\Community\VC\Tools\MSVC\14.51.36231\include\vector(747,5):
          or       'std::vector<_Ty,_Alloc> std::vector(const std::vector<_Ty,_Alloc> &)'
              C:\Users\Muhammed\source\repos\BankOOP\BankOOP\ClientFileHandler.h(19,23):
              'std::vector<_Ty,_Alloc> std::vector(const std::vector<_Ty,_Alloc> &)': expects 1 arguments - 0 provided
          C:\Program Files\Microsoft Visual Studio\18\Community\VC\Tools\MSVC\14.51.36231\include\vector(721,5):
          or       'std::vector<_Ty,_Alloc> std::vector(std::initializer_list<_Elem>,const _Alloc &)'
              C:\Users\Muhammed\source\repos\BankOOP\BankOOP\ClientFileHandler.h(19,23):
              'std::vector<_Ty,_Alloc> std::vector(std::initializer_list<_Elem>,const _Alloc &)': expects 2 arguments - 0 provided
          C:\Program Files\Microsoft Visual Studio\18\Community\VC\Tools\MSVC\14.51.36231\include\vector(694,5):
          or       'std::vector<_Ty,_Alloc> std::vector(_Iter,_Iter,const _Alloc &)'
              C:\Users\Muhammed\source\repos\BankOOP\BankOOP\ClientFileHandler.h(19,23):
              'std::vector<_Ty,_Alloc> std::vector(_Iter,_Iter,const _Alloc &)': expects 3 arguments - 0 provided
          C:\Program Files\Microsoft Visual Studio\18\Community\VC\Tools\MSVC\14.51.36231\include\vector(688,5):
          or       'std::vector<_Ty,_Alloc> std::vector(const allocator_traits<allocator_traits<_Alloc>::rebind_alloc<_Ty>>::size_type,const _Ty &,const _Alloc &)'
              C:\Users\Muhammed\source\repos\BankOOP\BankOOP\ClientFileHandler.h(19,23):
              'std::vector<_Ty,_Alloc> std::vector(const allocator_traits<allocator_traits<_Alloc>::rebind_alloc<_Ty>>::size_type,const _Ty &,const _Alloc &)': expects 3 arguments - 0 provided
          C:\Program Files\Microsoft Visual Studio\18\Community\VC\Tools\MSVC\14.51.36231\include\vector(680,5):
          or       'std::vector<_Ty,_Alloc> std::vector(const allocator_traits<allocator_traits<_Alloc>::rebind_alloc<_Ty>>::size_type,const _Alloc &)'
              C:\Users\Muhammed\source\repos\BankOOP\BankOOP\ClientFileHandler.h(19,23):
              'std::vector<_Ty,_Alloc> std::vector(const allocator_traits<allocator_traits<_Alloc>::rebind_alloc<_Ty>>::size_type,const _Alloc &)': expects 2 arguments - 0 provided
          C:\Program Files\Microsoft Visual Studio\18\Community\VC\Tools\MSVC\14.51.36231\include\vector(676,5):
          or       'std::vector<_Ty,_Alloc> std::vector(const _Alloc &)'
              C:\Users\Muhammed\source\repos\BankOOP\BankOOP\ClientFileHandler.h(19,23):
              'std::vector<_Ty,_Alloc> std::vector(const _Alloc &)': expects 1 arguments - 0 provided
          C:\Program Files\Microsoft Visual Studio\18\Community\VC\Tools\MSVC\14.51.36231\include\vector(672,5):
          or       'std::vector<_Ty,_Alloc> std::vector(void)'
              C:\Users\Muhammed\source\repos\BankOOP\BankOOP\ClientFileHandler.h(19,23):
              'std::vector<_Ty,_Alloc> std::vector(void)': could not deduce template argument for '_Ty'
          C:\Program Files\Microsoft Visual Studio\18\Community\VC\Tools\MSVC\14.51.36231\include\vector(459,7):
          or       'std::vector<_Ty,_Alloc> std::vector(std::vector<_Ty,_Alloc>)'
              C:\Users\Muhammed\source\repos\BankOOP\BankOOP\ClientFileHandler.h(19,23):
              'std::vector<_Ty,_Alloc> std::vector(std::vector<_Ty,_Alloc>)': expects 1 arguments - 0 provided
  
C:\Users\Muhammed\source\repos\BankOOP\BankOOP\ClientFileHandler.h(28,34): error C2039: 'LineToObject': is not a member of 'Parser'
  (compiling source file 'BankOOP.cpp')
      C:\Users\Muhammed\source\repos\BankOOP\BankOOP\Parser.h(7,7):
      see declaration of 'Parser'
  
C:\Users\Muhammed\source\repos\BankOOP\BankOOP\ClientFileHandler.h(28,34): error C3861: 'LineToObject': identifier not found
  (compiling source file 'BankOOP.cpp')
  
C:\Users\Muhammed\source\repos\BankOOP\BankOOP\ClientFileHandler.h(33,3): error C2440: 'return': cannot convert from 'std::vector' to 'std::vector'
  (compiling source file 'BankOOP.cpp')
      C:\Users\Muhammed\source\repos\BankOOP\BankOOP\ClientFileHandler.h(33,3):
      Cannot copy construct class 'std::vector' due to ambiguous copy constructors or no available copy constructor
  
C:\Users\Muhammed\source\repos\BankOOP\BankOOP\ClientFileHandler.h(41,44): error C2065: 'client': undeclared identifier
  (compiling source file 'BankOOP.cpp')
  
C:\Users\Muhammed\source\repos\BankOOP\BankOOP\ClientFileHandler.h(43,33): error C2065: 'client': undeclared identifier
  (compiling source file 'BankOOP.cpp')
  
C:\Users\Muhammed\source\repos\BankOOP\BankOOP\ClientFileHandler.h(43,4): error C2593: 'operator <<' is ambiguous
  (compiling source file 'BankOOP.cpp')
      C:\Program Files\Microsoft Visual Studio\18\Community\VC\Tools\MSVC\14.51.36231\include\__msvc_ostream.hpp(476,39):
      could be 'std::basic_ostream<char,std::char_traits<char>> &std::basic_ostream<char,std::char_traits<char>>::operator <<(std::basic_streambuf<char,std::char_traits<char>> *)'
      C:\Program Files\Microsoft Visual Studio\18\Community\VC\Tools\MSVC\14.51.36231\include\__msvc_ostream.hpp(444,39):
      or       'std::basic_ostream<char,std::char_traits<char>> &std::basic_ostream<char,std::char_traits<char>>::operator <<(const void *)'
      C:\Program Files\Microsoft Visual Studio\18\Community\VC\Tools\MSVC\14.51.36231\include\__msvc_ostream.hpp(426,39):
      or       'std::basic_ostream<char,std::char_traits<char>> &std::basic_ostream<char,std::char_traits<char>>::operator <<(long double)'
      C:\Program Files\Microsoft Visual Studio\18\Community\VC\Tools\MSVC\14.51.36231\include\__msvc_ostream.hpp(408,39):
      or       'std::basic_ostream<char,std::char_traits<char>> &std::basic_ostream<char,std::char_traits<char>>::operator <<(double)'
      C:\Program Files\Microsoft Visual Studio\18\Community\VC\Tools\MSVC\14.51.36231\include\__msvc_ostream.hpp(390,39):
      or       'std::basic_ostream<char,std::char_traits<char>> &std::basic_ostream<char,std::char_traits<char>>::operator <<(float)'
      C:\Program Files\Microsoft Visual Studio\18\Community\VC\Tools\MSVC\14.51.36231\include\__msvc_ostream.hpp(372,39):
      or       'std::basic_ostream<char,std::char_traits<char>> &std::basic_ostream<char,std::char_traits<char>>::operator <<(unsigned __int64)'
      C:\Program Files\Microsoft Visual Studio\18\Community\VC\Tools\MSVC\14.51.36231\include\__msvc_ostream.hpp(354,39):
      or       'std::basic_ostream<char,std::char_traits<char>> &std::basic_ostream<char,std::char_traits<char>>::operator <<(__int64)'
      C:\Program Files\Microsoft Visual Studio\18\Community\VC\Tools\MSVC\14.51.36231\include\__msvc_ostream.hpp(336,39):
      or       'std::basic_ostream<char,std::char_traits<char>> &std::basic_ostream<char,std::char_traits<char>>::operator <<(unsigned long)'
      C:\Program Files\Microsoft Visual Studio\18\Community\VC\Tools\MSVC\14.51.36231\include\__msvc_ostream.hpp(318,39):
      or       'std::basic_ostream<char,std::char_traits<char>> &std::basic_ostream<char,std::char_traits<char>>::operator <<(long)'
      C:\Program Files\Microsoft Visual Studio\18\Community\VC\Tools\MSVC\14.51.36231\include\__msvc_ostream.hpp(299,39):
      or       'std::basic_ostream<char,std::char_traits<char>> &std::basic_ostream<char,std::char_traits<char>>::operator <<(unsigned int)'
      C:\Program Files\Microsoft Visual Studio\18\Community\VC\Tools\MSVC\14.51.36231\include\__msvc_ostream.hpp(273,39):
      or       'std::basic_ostream<char,std::char_traits<char>> &std::basic_ostream<char,std::char_traits<char>>::operator <<(int)'
      C:\Program Files\Microsoft Visual Studio\18\Community\VC\Tools\MSVC\14.51.36231\include\__msvc_ostream.hpp(254,39):
      or       'std::basic_ostream<char,std::char_traits<char>> &std::basic_ostream<char,std::char_traits<char>>::operator <<(unsigned short)'
      C:\Program Files\Microsoft Visual Studio\18\Community\VC\Tools\MSVC\14.51.36231\include\__msvc_ostream.hpp(220,39):
      or       'std::basic_ostream<char,std::char_traits<char>> &std::basic_ostream<char,std::char_traits<char>>::operator <<(short)'
      C:\Program Files\Microsoft Visual Studio\18\Community\VC\Tools\MSVC\14.51.36231\include\__msvc_ostream.hpp(202,39):
      or       'std::basic_ostream<char,std::char_traits<char>> &std::basic_ostream<char,std::char_traits<char>>::operator <<(bool)'
      C:\Program Files\Microsoft Visual Studio\18\Community\VC\Tools\MSVC\14.51.36231\include\__msvc_ostream.hpp(196,39):
      or       'std::basic_ostream<char,std::char_traits<char>> &std::basic_ostream<char,std::char_traits<char>>::operator <<(std::ios_base &(__cdecl *)(std::ios_base &))'
      C:\Program Files\Microsoft Visual Studio\18\Community\VC\Tools\MSVC\14.51.36231\include\__msvc_ostream.hpp(190,39):
      or       'std::basic_ostream<char,std::char_traits<char>> &std::basic_ostream<char,std::char_traits<char>>::operator <<(std::basic_ios<char,std::char_traits<char>> &(__cdecl *)(std::basic_ios<char,std::char_traits<char>> &))'
      C:\Program Files\Microsoft Visual Studio\18\Community\VC\Tools\MSVC\14.51.36231\include\__msvc_ostream.hpp(185,39):
      or       'std::basic_ostream<char,std::char_traits<char>> &std::basic_ostream<char,std::char_traits<char>>::operator <<(std::basic_ostream<char,std::char_traits<char>> &(__cdecl *)(std::basic_ostream<char,std::char_traits<char>> &))'
      C:\Program Files\Microsoft Visual Studio\18\Community\VC\Tools\MSVC\14.51.36231\include\__msvc_ostream.hpp(471,20):
      or       'std::basic_ostream<char,std::char_traits<char>> &std::basic_ostream<char,std::char_traits<char>>::operator <<<void>(std::nullptr_t)'
      C:\Program Files\Microsoft Visual Studio\18\Community\VC\Tools\MSVC\14.51.36231\include\__msvc_ostream.hpp(684,32):
      or       'std::basic_ostream<char,std::char_traits<char>> &std::operator <<<char,std::char_traits<char>>(std::basic_ostream<char,std::char_traits<char>> &,const char *)'
      C:\Program Files\Microsoft Visual Studio\18\Community\VC\Tools\MSVC\14.51.36231\include\__msvc_ostream.hpp(728,32):
      or       'std::basic_ostream<char,std::char_traits<char>> &std::operator <<<char,std::char_traits<char>>(std::basic_ostream<char,std::char_traits<char>> &,char)'
      C:\Program Files\Microsoft Visual Studio\18\Community\VC\Tools\MSVC\14.51.36231\include\__msvc_ostream.hpp(764,31):
      or       'std::basic_ostream<char,std::char_traits<char>> &std::operator <<<std::char_traits<char>>(std::basic_ostream<char,std::char_traits<char>> &,const char *)'
      C:\Program Files\Microsoft Visual Studio\18\Community\VC\Tools\MSVC\14.51.36231\include\__msvc_ostream.hpp(809,31):
      or       'std::basic_ostream<char,std::char_traits<char>> &std::operator <<<std::char_traits<char>>(std::basic_ostream<char,std::char_traits<char>> &,char)'
      C:\Program Files\Microsoft Visual Studio\18\Community\VC\Tools\MSVC\14.51.36231\include\__msvc_ostream.hpp(926,31):
      or       'std::basic_ostream<char,std::char_traits<char>> &std::operator <<<std::char_traits<char>>(std::basic_ostream<char,std::char_traits<char>> &,const signed char *)'
      C:\Program Files\Microsoft Visual Studio\18\Community\VC\Tools\MSVC\14.51.36231\include\__msvc_ostream.hpp(932,31):
      or       'std::basic_ostream<char,std::char_traits<char>> &std::operator <<<std::char_traits<char>>(std::basic_ostream<char,std::char_traits<char>> &,signed char)'
      C:\Program Files\Microsoft Visual Studio\18\Community\VC\Tools\MSVC\14.51.36231\include\__msvc_ostream.hpp(937,31):
      or       'std::basic_ostream<char,std::char_traits<char>> &std::operator <<<std::char_traits<char>>(std::basic_ostream<char,std::char_traits<char>> &,const unsigned char *)'
      C:\Program Files\Microsoft Visual Studio\18\Community\VC\Tools\MSVC\14.51.36231\include\__msvc_ostream.hpp(943,31):
      or       'std::basic_ostream<char,std::char_traits<char>> &std::operator <<<std::char_traits<char>>(std::basic_ostream<char,std::char_traits<char>> &,unsigned char)'
      C:\Program Files\Microsoft Visual Studio\18\Community\VC\Tools\MSVC\14.51.36231\include\__msvc_ostream.hpp(951,31):
      or       'std::basic_ostream<char,std::char_traits<char>> &std::operator <<<std::char_traits<char>>(std::basic_ostream<char,std::char_traits<char>> &,const char8_t *)'
      C:\Program Files\Microsoft Visual Studio\18\Community\VC\Tools\MSVC\14.51.36231\include\__msvc_ostream.hpp(957,31):
      or       'std::basic_ostream<char,std::char_traits<char>> &std::operator <<<std::char_traits<char>>(std::basic_ostream<char,std::char_traits<char>> &,char8_t)'
      C:\Program Files\Microsoft Visual Studio\18\Community\VC\Tools\MSVC\14.51.36231\include\__msvc_ostream.hpp(965,31):
      or       'std::basic_ostream<char,std::char_traits<char>> &std::operator <<<std::char_traits<char>>(std::basic_ostream<char,std::char_traits<char>> &,wchar_t)'
      C:\Program Files\Microsoft Visual Studio\18\Community\VC\Tools\MSVC\14.51.36231\include\__msvc_ostream.hpp(968,31):
      or       'std::basic_ostream<char,std::char_traits<char>> &std::operator <<<std::char_traits<char>>(std::basic_ostream<char,std::char_traits<char>> &,const wchar_t *)'
      C:\Program Files\Microsoft Visual Studio\18\Community\VC\Tools\MSVC\14.51.36231\include\__msvc_ostream.hpp(972,31):
      or       'std::basic_ostream<char,std::char_traits<char>> &std::operator <<<std::char_traits<char>>(std::basic_ostream<char,std::char_traits<char>> &,char16_t)'
      C:\Program Files\Microsoft Visual Studio\18\Community\VC\Tools\MSVC\14.51.36231\include\__msvc_ostream.hpp(974,31):
      or       'std::basic_ostream<char,std::char_traits<char>> &std::operator <<<std::char_traits<char>>(std::basic_ostream<char,std::char_traits<char>> &,char32_t)'
      C:\Program Files\Microsoft Visual Studio\18\Community\VC\Tools\MSVC\14.51.36231\include\__msvc_ostream.hpp(982,31):
      or       'std::basic_ostream<char,std::char_traits<char>> &std::operator <<<std::char_traits<char>>(std::basic_ostream<char,std::char_traits<char>> &,const char16_t *)'
      C:\Program Files\Microsoft Visual Studio\18\Community\VC\Tools\MSVC\14.51.36231\include\__msvc_ostream.hpp(984,31):
      or       'std::basic_ostream<char,std::char_traits<char>> &std::operator <<<std::char_traits<char>>(std::basic_ostream<char,std::char_traits<char>> &,const char32_t *)'
      C:\Program Files\Microsoft Visual Studio\18\Community\VC\Tools\MSVC\14.51.36231\include\__msvc_ostream.hpp(1027,32):
      or       'std::basic_ostream<char,std::char_traits<char>> &std::operator <<<char,std::char_traits<char>>(std::basic_ostream<char,std::char_traits<char>> &,const std::error_code &)'
      C:\Users\Muhammed\source\repos\BankOOP\BankOOP\ClientFileHandler.h(43,4):
      while trying to match the argument list '(std::fstream, <error>)'
  
C:\Users\Muhammed\source\repos\BankOOP\BankOOP\ClientFileHandler.h(53,32): error C3536: '<begin>$L0': cannot be used before it is initialized
  (compiling source file 'BankOOP.cpp')
  
C:\Users\Muhammed\source\repos\BankOOP\BankOOP\ClientFileHandler.h(53,32): error C3536: '<end>$L0': cannot be used before it is initialized
  (compiling source file 'BankOOP.cpp')
  
C:\Users\Muhammed\source\repos\BankOOP\BankOOP\ClientFileHandler.h(53,9): error C4430: missing type specifier - int assumed. Note: C++ does not support default-int
  (compiling source file 'BankOOP.cpp')
  
C:\Users\Muhammed\source\repos\BankOOP\BankOOP\ClientFileHandler.h(53,21): error C2143: syntax error: missing ';' before '&'
  (compiling source file 'BankOOP.cpp')
  
C:\Users\Muhammed\source\repos\BankOOP\BankOOP\ClientFileHandler.h(53,23): error C2065: 'client': undeclared identifier
  (compiling source file 'BankOOP.cpp')
  
C:\Users\Muhammed\source\repos\BankOOP\BankOOP\ClientFileHandler.h(53,39): error C2100: you cannot dereference an operand of type '<error>'
  (compiling source file 'BankOOP.cpp')
  
C:\Users\Muhammed\source\repos\BankOOP\BankOOP\ClientFileHandler.h(55,26): error C2065: 'client': undeclared identifier
  (compiling source file 'BankOOP.cpp')
  
C:\Users\Muhammed\source\repos\BankOOP\BankOOP\ClientFileHandler.h(57,35): error C2065: 'client': undeclared identifier
  (compiling source file 'BankOOP.cpp')
  
C:\Users\Muhammed\source\repos\BankOOP\BankOOP\ClientFileHandler.h(57,6): error C2593: 'operator <<' is ambiguous
  (compiling source file 'BankOOP.cpp')
      C:\Program Files\Microsoft Visual Studio\18\Community\VC\Tools\MSVC\14.51.36231\include\__msvc_ostream.hpp(476,39):
      could be 'std::basic_ostream<char,std::char_traits<char>> &std::basic_ostream<char,std::char_traits<char>>::operator <<(std::basic_streambuf<char,std::char_traits<char>> *)'
      C:\Program Files\Microsoft Visual Studio\18\Community\VC\Tools\MSVC\14.51.36231\include\__msvc_ostream.hpp(444,39):
      or       'std::basic_ostream<char,std::char_traits<char>> &std::basic_ostream<char,std::char_traits<char>>::operator <<(const void *)'
      C:\Program Files\Microsoft Visual Studio\18\Community\VC\Tools\MSVC\14.51.36231\include\__msvc_ostream.hpp(426,39):
      or       'std::basic_ostream<char,std::char_traits<char>> &std::basic_ostream<char,std::char_traits<char>>::operator <<(long double)'
      C:\Program Files\Microsoft Visual Studio\18\Community\VC\Tools\MSVC\14.51.36231\include\__msvc_ostream.hpp(408,39):
      or       'std::basic_ostream<char,std::char_traits<char>> &std::basic_ostream<char,std::char_traits<char>>::operator <<(double)'
      C:\Program Files\Microsoft Visual Studio\18\Community\VC\Tools\MSVC\14.51.36231\include\__msvc_ostream.hpp(390,39):
      or       'std::basic_ostream<char,std::char_traits<char>> &std::basic_ostream<char,std::char_traits<char>>::operator <<(float)'
      C:\Program Files\Microsoft Visual Studio\18\Community\VC\Tools\MSVC\14.51.36231\include\__msvc_ostream.hpp(372,39):
      or       'std::basic_ostream<char,std::char_traits<char>> &std::basic_ostream<char,std::char_traits<char>>::operator <<(unsigned __int64)'
      C:\Program Files\Microsoft Visual Studio\18\Community\VC\Tools\MSVC\14.51.36231\include\__msvc_ostream.hpp(354,39):
      or       'std::basic_ostream<char,std::char_traits<char>> &std::basic_ostream<char,std::char_traits<char>>::operator <<(__int64)'
      C:\Program Files\Microsoft Visual Studio\18\Community\VC\Tools\MSVC\14.51.36231\include\__msvc_ostream.hpp(336,39):
      or       'std::basic_ostream<char,std::char_traits<char>> &std::basic_ostream<char,std::char_traits<char>>::operator <<(unsigned long)'
      C:\Program Files\Microsoft Visual Studio\18\Community\VC\Tools\MSVC\14.51.36231\include\__msvc_ostream.hpp(318,39):
      or       'std::basic_ostream<char,std::char_traits<char>> &std::basic_ostream<char,std::char_traits<char>>::operator <<(long)'
      C:\Program Files\Microsoft Visual Studio\18\Community\VC\Tools\MSVC\14.51.36231\include\__msvc_ostream.hpp(299,39):
      or       'std::basic_ostream<char,std::char_traits<char>> &std::basic_ostream<char,std::char_traits<char>>::operator <<(unsigned int)'
      C:\Program Files\Microsoft Visual Studio\18\Community\VC\Tools\MSVC\14.51.36231\include\__msvc_ostream.hpp(273,39):
      or       'std::basic_ostream<char,std::char_traits<char>> &std::basic_ostream<char,std::char_traits<char>>::operator <<(int)'
      C:\Program Files\Microsoft Visual Studio\18\Community\VC\Tools\MSVC\14.51.36231\include\__msvc_ostream.hpp(254,39):
      or       'std::basic_ostream<char,std::char_traits<char>> &std::basic_ostream<char,std::char_traits<char>>::operator <<(unsigned short)'
      C:\Program Files\Microsoft Visual Studio\18\Community\VC\Tools\MSVC\14.51.36231\include\__msvc_ostream.hpp(220,39):
      or       'std::basic_ostream<char,std::char_traits<char>> &std::basic_ostream<char,std::char_traits<char>>::operator <<(short)'
      C:\Program Files\Microsoft Visual Studio\18\Community\VC\Tools\MSVC\14.51.36231\include\__msvc_ostream.hpp(202,39):
      or       'std::basic_ostream<char,std::char_traits<char>> &std::basic_ostream<char,std::char_traits<char>>::operator <<(bool)'
      C:\Program Files\Microsoft Visual Studio\18\Community\VC\Tools\MSVC\14.51.36231\include\__msvc_ostream.hpp(196,39):
      or       'std::basic_ostream<char,std::char_traits<char>> &std::basic_ostream<char,std::char_traits<char>>::operator <<(std::ios_base &(__cdecl *)(std::ios_base &))'
      C:\Program Files\Microsoft Visual Studio\18\Community\VC\Tools\MSVC\14.51.36231\include\__msvc_ostream.hpp(190,39):
      or       'std::basic_ostream<char,std::char_traits<char>> &std::basic_ostream<char,std::char_traits<char>>::operator <<(std::basic_ios<char,std::char_traits<char>> &(__cdecl *)(std::basic_ios<char,std::char_traits<char>> &))'
      C:\Program Files\Microsoft Visual Studio\18\Community\VC\Tools\MSVC\14.51.36231\include\__msvc_ostream.hpp(185,39):
      or       'std::basic_ostream<char,std::char_traits<char>> &std::basic_ostream<char,std::char_traits<char>>::operator <<(std::basic_ostream<char,std::char_traits<char>> &(__cdecl *)(std::basic_ostream<char,std::char_traits<char>> &))'
      C:\Program Files\Microsoft Visual Studio\18\Community\VC\Tools\MSVC\14.51.36231\include\__msvc_ostream.hpp(471,20):
      or       'std::basic_ostream<char,std::char_traits<char>> &std::basic_ostream<char,std::char_traits<char>>::operator <<<void>(std::nullptr_t)'
      C:\Program Files\Microsoft Visual Studio\18\Community\VC\Tools\MSVC\14.51.36231\include\__msvc_ostream.hpp(684,32):
      or       'std::basic_ostream<char,std::char_traits<char>> &std::operator <<<char,std::char_traits<char>>(std::basic_ostream<char,std::char_traits<char>> &,const char *)'
      C:\Program Files\Microsoft Visual Studio\18\Community\VC\Tools\MSVC\14.51.36231\include\__msvc_ostream.hpp(728,32):
      or       'std::basic_ostream<char,std::char_traits<char>> &std::operator <<<char,std::char_traits<char>>(std::basic_ostream<char,std::char_traits<char>> &,char)'
      C:\Program Files\Microsoft Visual Studio\18\Community\VC\Tools\MSVC\14.51.36231\include\__msvc_ostream.hpp(764,31):
      or       'std::basic_ostream<char,std::char_traits<char>> &std::operator <<<std::char_traits<char>>(std::basic_ostream<char,std::char_traits<char>> &,const char *)'
      C:\Program Files\Microsoft Visual Studio\18\Community\VC\Tools\MSVC\14.51.36231\include\__msvc_ostream.hpp(809,31):
      or       'std::basic_ostream<char,std::char_traits<char>> &std::operator <<<std::char_traits<char>>(std::basic_ostream<char,std::char_traits<char>> &,char)'
      C:\Program Files\Microsoft Visual Studio\18\Community\VC\Tools\MSVC\14.51.36231\include\__msvc_ostream.hpp(926,31):
      or       'std::basic_ostream<char,std::char_traits<char>> &std::operator <<<std::char_traits<char>>(std::basic_ostream<char,std::char_traits<char>> &,const signed char *)'
      C:\Program Files\Microsoft Visual Studio\18\Community\VC\Tools\MSVC\14.51.36231\include\__msvc_ostream.hpp(932,31):
      or       'std::basic_ostream<char,std::char_traits<char>> &std::operator <<<std::char_traits<char>>(std::basic_ostream<char,std::char_traits<char>> &,signed char)'
      C:\Program Files\Microsoft Visual Studio\18\Community\VC\Tools\MSVC\14.51.36231\include\__msvc_ostream.hpp(937,31):
      or       'std::basic_ostream<char,std::char_traits<char>> &std::operator <<<std::char_traits<char>>(std::basic_ostream<char,std::char_traits<char>> &,const unsigned char *)'
      C:\Program Files\Microsoft Visual Studio\18\Community\VC\Tools\MSVC\14.51.36231\include\__msvc_ostream.hpp(943,31):
      or       'std::basic_ostream<char,std::char_traits<char>> &std::operator <<<std::char_traits<char>>(std::basic_ostream<char,std::char_traits<char>> &,unsigned char)'
      C:\Program Files\Microsoft Visual Studio\18\Community\VC\Tools\MSVC\14.51.36231\include\__msvc_ostream.hpp(951,31):
      or       'std::basic_ostream<char,std::char_traits<char>> &std::operator <<<std::char_traits<char>>(std::basic_ostream<char,std::char_traits<char>> &,const char8_t *)'
      C:\Program Files\Microsoft Visual Studio\18\Community\VC\Tools\MSVC\14.51.36231\include\__msvc_ostream.hpp(957,31):
      or       'std::basic_ostream<char,std::char_traits<char>> &std::operator <<<std::char_traits<char>>(std::basic_ostream<char,std::char_traits<char>> &,char8_t)'
      C:\Program Files\Microsoft Visual Studio\18\Community\VC\Tools\MSVC\14.51.36231\include\__msvc_ostream.hpp(965,31):
      or       'std::basic_ostream<char,std::char_traits<char>> &std::operator <<<std::char_traits<char>>(std::basic_ostream<char,std::char_traits<char>> &,wchar_t)'
      C:\Program Files\Microsoft Visual Studio\18\Community\VC\Tools\MSVC\14.51.36231\include\__msvc_ostream.hpp(968,31):
      or       'std::basic_ostream<char,std::char_traits<char>> &std::operator <<<std::char_traits<char>>(std::basic_ostream<char,std::char_traits<char>> &,const wchar_t *)'
      C:\Program Files\Microsoft Visual Studio\18\Community\VC\Tools\MSVC\14.51.36231\include\__msvc_ostream.hpp(972,31):
      or       'std::basic_ostream<char,std::char_traits<char>> &std::operator <<<std::char_traits<char>>(std::basic_ostream<char,std::char_traits<char>> &,char16_t)'
      C:\Program Files\Microsoft Visual Studio\18\Community\VC\Tools\MSVC\14.51.36231\include\__msvc_ostream.hpp(974,31):
      or       'std::basic_ostream<char,std::char_traits<char>> &std::operator <<<std::char_traits<char>>(std::basic_ostream<char,std::char_traits<char>> &,char32_t)'
      C:\Program Files\Microsoft Visual Studio\18\Community\VC\Tools\MSVC\14.51.36231\include\__msvc_ostream.hpp(982,31):
      or       'std::basic_ostream<char,std::char_traits<char>> &std::operator <<<std::char_traits<char>>(std::basic_ostream<char,std::char_traits<char>> &,const char16_t *)'
      C:\Program Files\Microsoft Visual Studio\18\Community\VC\Tools\MSVC\14.51.36231\include\__msvc_ostream.hpp(984,31):
      or       'std::basic_ostream<char,std::char_traits<char>> &std::operator <<<std::char_traits<char>>(std::basic_ostream<char,std::char_traits<char>> &,const char32_t *)'
      C:\Program Files\Microsoft Visual Studio\18\Community\VC\Tools\MSVC\14.51.36231\include\__msvc_ostream.hpp(1027,32):
      or       'std::basic_ostream<char,std::char_traits<char>> &std::operator <<<char,std::char_traits<char>>(std::basic_ostream<char,std::char_traits<char>> &,const std::error_code &)'
      C:\Users\Muhammed\source\repos\BankOOP\BankOOP\ClientFileHandler.h(57,6):
      while trying to match the argument list '(std::fstream, <error>)'
  
C:\Users\Muhammed\source\repos\BankOOP\BankOOP\ClientFileHandler.h(69,3): error C2678: binary '=': no operator found which takes a left-hand operand of type 'std::vector' (or there is no acceptable conversion)
  (compiling source file 'BankOOP.cpp')
      C:\Program Files\Microsoft Visual Studio\18\Community\VC\Tools\MSVC\14.51.36231\include\vector(1547,26):
      could be 'std::vector<_Ty,_Alloc> &std::vector<_Ty,_Alloc>::operator =(std::initializer_list<_Elem>)'
          C:\Users\Muhammed\source\repos\BankOOP\BankOOP\ClientFileHandler.h(69,3):
          'std::vector<_Ty,_Alloc> &std::vector<_Ty,_Alloc>::operator =(std::initializer_list<_Elem>)': cannot convert 'this' pointer from 'std::vector' to 'std::vector<_Ty,_Alloc> &'
              C:\Users\Muhammed\source\repos\BankOOP\BankOOP\ClientFileHandler.h(69,3):
              Reason: cannot convert from 'std::vector' to 'std::vector<_Ty,_Alloc>'
              C:\Users\Muhammed\source\repos\BankOOP\BankOOP\ClientFileHandler.h(69,3):
              Conversion requires a second user-defined-conversion operator or constructor
      C:\Program Files\Microsoft Visual Studio\18\Community\VC\Tools\MSVC\14.51.36231\include\vector(1526,26):
      or       'std::vector<_Ty,_Alloc> &std::vector<_Ty,_Alloc>::operator =(const std::vector<_Ty,_Alloc> &)'
          C:\Users\Muhammed\source\repos\BankOOP\BankOOP\ClientFileHandler.h(69,3):
          'std::vector<_Ty,_Alloc> &std::vector<_Ty,_Alloc>::operator =(const std::vector<_Ty,_Alloc> &)': cannot convert 'this' pointer from 'std::vector' to 'std::vector<_Ty,_Alloc> &'
              C:\Users\Muhammed\source\repos\BankOOP\BankOOP\ClientFileHandler.h(69,3):
              Reason: cannot convert from 'std::vector' to 'std::vector<_Ty,_Alloc>'
              C:\Users\Muhammed\source\repos\BankOOP\BankOOP\ClientFileHandler.h(69,3):
              Conversion requires a second user-defined-conversion operator or constructor
      C:\Program Files\Microsoft Visual Studio\18\Community\VC\Tools\MSVC\14.51.36231\include\vector(800,26):
      or       'std::vector<_Ty,_Alloc> &std::vector<_Ty,_Alloc>::operator =(std::vector<_Ty,_Alloc> &&) noexcept(<expr>)'
          C:\Users\Muhammed\source\repos\BankOOP\BankOOP\ClientFileHandler.h(69,3):
          'std::vector<_Ty,_Alloc> &std::vector<_Ty,_Alloc>::operator =(std::vector<_Ty,_Alloc> &&) noexcept(<expr>)': cannot convert 'this' pointer from 'std::vector' to 'std::vector<_Ty,_Alloc> &'
              C:\Users\Muhammed\source\repos\BankOOP\BankOOP\ClientFileHandler.h(69,3):
              Reason: cannot convert from 'std::vector' to 'std::vector<_Ty,_Alloc>'
              C:\Users\Muhammed\source\repos\BankOOP\BankOOP\ClientFileHandler.h(69,3):
              Conversion requires a second user-defined-conversion operator or constructor
      C:\Users\Muhammed\source\repos\BankOOP\BankOOP\ClientFileHandler.h(69,3):
      while trying to match the argument list '(std::vector, std::vector)'
  
C:\Users\Muhammed\source\repos\BankOOP\BankOOP\ClientFileHandler.h(69,11): error C2582: 'operator =' function is unavailable in 'std::vector'
  (compiling source file 'BankOOP.cpp')
  
C:\Users\Muhammed\source\repos\BankOOP\BankOOP\Client.h(105,34): error C2440: 'initializing': cannot convert from 'std::vector' to 'std::vector<Client,std::allocator<Client>>'
  (compiling source file 'BankOOP.cpp')
      C:\Users\Muhammed\source\repos\BankOOP\BankOOP\Client.h(105,34):
      No user-defined-conversion operator available that can perform this conversion, or the operator cannot be called
  
C:\Users\Muhammed\source\repos\BankOOP\BankOOP\Client.h(109,19): warning C4244: '+=': conversion from 'const double' to '__int64', possible loss of data
  (compiling source file 'BankOOP.cpp')
  
C:\Users\Muhammed\source\repos\BankOOP\BankOOP\Client.h(119,31): error C2440: 'initializing': cannot convert from 'std::vector' to 'std::vector<Client,std::allocator<Client>>'
  (compiling source file 'BankOOP.cpp')
      C:\Users\Muhammed\source\repos\BankOOP\BankOOP\Client.h(119,31):
      No user-defined-conversion operator available that can perform this conversion, or the operator cannot be called
  
C:\Users\Muhammed\source\repos\BankOOP\BankOOP\Client.h(132,22): error C2665: 'ClientFileHandler::SaveFile': no overloaded function could convert all the argument types
  (compiling source file 'BankOOP.cpp')
      C:\Users\Muhammed\source\repos\BankOOP\BankOOP\ClientFileHandler.h(48,14):
      could be 'void ClientFileHandler::SaveFile(const std::vector &)'
          C:\Users\Muhammed\source\repos\BankOOP\BankOOP\Client.h(132,22):
          'void ClientFileHandler::SaveFile(const std::vector &)': cannot convert argument 1 from 'std::vector<Client,std::allocator<Client>>' to 'const std::vector &'
              C:\Users\Muhammed\source\repos\BankOOP\BankOOP\Client.h(132,31):
              Reason: cannot convert from 'std::vector<Client,std::allocator<Client>>' to 'const std::vector'
              C:\Users\Muhammed\source\repos\BankOOP\BankOOP\Client.h(132,31):
              No user-defined-conversion operator available that can perform this conversion, or the operator cannot be called
      C:\Users\Muhammed\source\repos\BankOOP\BankOOP\ClientFileHandler.h(36,14):
      or       'void ClientFileHandler::SaveFile(const int)'
          C:\Users\Muhammed\source\repos\BankOOP\BankOOP\Client.h(132,22):
          'void ClientFileHandler::SaveFile(const int)': cannot convert argument 1 from 'std::vector<Client,std::allocator<Client>>' to 'const int'
              C:\Users\Muhammed\source\repos\BankOOP\BankOOP\Client.h(132,31):
              No user-defined-conversion operator available that can perform this conversion, or the operator cannot be called
      C:\Users\Muhammed\source\repos\BankOOP\BankOOP\Client.h(132,22):
      while trying to match the argument list '(std::vector<Client,std::allocator<Client>>)'
  
C:\Users\Muhammed\source\repos\BankOOP\BankOOP\Client.h(139,24): error C2665: 'ClientFileHandler::SaveFile': no overloaded function could convert all the argument types
  (compiling source file 'BankOOP.cpp')
      C:\Users\Muhammed\source\repos\BankOOP\BankOOP\ClientFileHandler.h(48,14):
      could be 'void ClientFileHandler::SaveFile(const std::vector &)'
          C:\Users\Muhammed\source\repos\BankOOP\BankOOP\Client.h(139,24):
          'void ClientFileHandler::SaveFile(const std::vector &)': cannot convert argument 1 from 'Client' to 'const std::vector &'
              C:\Users\Muhammed\source\repos\BankOOP\BankOOP\Client.h(139,33):
              Reason: cannot convert from 'Client' to 'const std::vector'
              C:\Users\Muhammed\source\repos\BankOOP\BankOOP\Client.h(139,33):
              No user-defined-conversion operator available that can perform this conversion, or the operator cannot be called
      C:\Users\Muhammed\source\repos\BankOOP\BankOOP\ClientFileHandler.h(36,14):
      or       'void ClientFileHandler::SaveFile(const int)'
          C:\Users\Muhammed\source\repos\BankOOP\BankOOP\Client.h(139,24):
          'void ClientFileHandler::SaveFile(const int)': cannot convert argument 1 from 'Client' to 'const int'
              C:\Users\Muhammed\source\repos\BankOOP\BankOOP\Client.h(139,33):
              No user-defined-conversion operator available that can perform this conversion, or the operator cannot be called
      C:\Users\Muhammed\source\repos\BankOOP\BankOOP\Client.h(139,24):
      while trying to match the argument list '(Client)'
  
C:\Users\Muhammed\source\repos\BankOOP\BankOOP\Client.h(176,31): error C2440: 'initializing': cannot convert from 'std::vector' to 'std::vector<Client,std::allocator<Client>>'
  (compiling source file 'BankOOP.cpp')
      C:\Users\Muhammed\source\repos\BankOOP\BankOOP\Client.h(176,31):
      No user-defined-conversion operator available that can perform this conversion, or the operator cannot be called
  
C:\Users\Muhammed\source\repos\BankOOP\BankOOP\Client.h(179,22): error C2665: 'ClientFileHandler::SaveFile': no overloaded function could convert all the argument types
  (compiling source file 'BankOOP.cpp')
      C:\Users\Muhammed\source\repos\BankOOP\BankOOP\ClientFileHandler.h(48,14):
      could be 'void ClientFileHandler::SaveFile(const std::vector &)'
          C:\Users\Muhammed\source\repos\BankOOP\BankOOP\Client.h(179,22):
          'void ClientFileHandler::SaveFile(const std::vector &)': cannot convert argument 1 from 'std::vector<Client,std::allocator<Client>>' to 'const std::vector &'
              C:\Users\Muhammed\source\repos\BankOOP\BankOOP\Client.h(179,31):
              Reason: cannot convert from 'std::vector<Client,std::allocator<Client>>' to 'const std::vector'
              C:\Users\Muhammed\source\repos\BankOOP\BankOOP\Client.h(179,31):
              No user-defined-conversion operator available that can perform this conversion, or the operator cannot be called
      C:\Users\Muhammed\source\repos\BankOOP\BankOOP\ClientFileHandler.h(36,14):
      or       'void ClientFileHandler::SaveFile(const int)'
          C:\Users\Muhammed\source\repos\BankOOP\BankOOP\Client.h(179,22):
          'void ClientFileHandler::SaveFile(const int)': cannot convert argument 1 from 'std::vector<Client,std::allocator<Client>>' to 'const int'
              C:\Users\Muhammed\source\repos\BankOOP\BankOOP\Client.h(179,31):
              No user-defined-conversion operator available that can perform this conversion, or the operator cannot be called
      C:\Users\Muhammed\source\repos\BankOOP\BankOOP\Client.h(179,22):
      while trying to match the argument list '(std::vector<Client,std::allocator<Client>>)'
  
C:\Users\Muhammed\source\repos\BankOOP\BankOOP\Client.h(204,40): error C2039: 'LineToObject': is not a member of 'ClientFileHandler'
  (compiling source file 'BankOOP.cpp')
      C:\Users\Muhammed\source\repos\BankOOP\BankOOP\ClientFileHandler.h(8,7):
      see declaration of 'ClientFileHandler'
  
C:\Users\Muhammed\source\repos\BankOOP\BankOOP\Client.h(204,40): error C3861: 'LineToObject': identifier not found
  (compiling source file 'BankOOP.cpp')
  
C:\Users\Muhammed\source\repos\BankOOP\BankOOP\Client.h(292,3): error C2440: 'return': cannot convert from 'std::vector' to 'std::vector<Client,std::allocator<Client>>'
  (compiling source file 'BankOOP.cpp')
      C:\Users\Muhammed\source\repos\BankOOP\BankOOP\Client.h(292,3):
      No user-defined-conversion operator available that can perform this conversion, or the operator cannot be called
  
